1975kent.jpg
AURCON2.gif
a1.jpg
a2.jpg
a2powered.gif
a3.jpg
aconsort2.jpg
arrwback.gif
aur1.gif
aur2.gif
aur2a.gif
aur2b.gif
aur3.gif
aur4.gif
aur4b.gif
aur4qtr.gif
aur5.gif
aur5b.gif
aur_titl.gif
aurhex.gif
aurora.gif
back1.gif
bg-blue1.jpg
blank.gif
bsd_daem.gif
bsddaem5.gif
canvas.gif
canvas.jpg
construct.gif
dblue-bg.jpg
devil-tiny.gif
dontpant.gif
elvis1b.gif
elvis21.gif
elvis21c.gif
elvis21c2.gif
elvis21c3.gif
elvis21t.jpg
emgreenl.jpg
felixthe.gif
figlet.gif
figwin.gif
gifdir.lst
grall
icpsrmed.gif
kenthpg4.gif
kenthpg4t.gif
kvimpg.gif
kvimpg2.gif
kvimpg3.gif
lemmy-1.0.gui.gif
lemmy20.gif
lemmy3.gif
lemmy3t.jpg
linernbw.gif
newk.gif
rbkng.gif
simplehits.gif
smoke.gif
snap.jpg
text11.gif
textur7a.gif
textur7a.jpg
title3.gif
title4.gif
tv.gif
txtr_gre.gif
underconstr.gif
undrcon2.gif
updated.gif
valid_html3.2.gif
vi-life.gif
vi-life2.gif
vim1.gif
vim2.gif
vim50.gif
vim50i.gif
vim50k.gif
vim50m.gif
vim50mt.jpg
vim50t2.gif
vim53w.gif
vim53wt.jpg
vipower.gif
vipower2.gif
winv263t.jpg
winvi263.jpg
xvi219.gif
xvi219t.jpg
xvile72.gif
xvile72t.jpg
